{
	"status": "error",
	"version": 3,
	"message": "# gigasecond [gigasecond.test]\n./broken.go: undefined: unknownVar\n./broken.go: undefined: UnknownFunction\nFAIL\tgigasecond [build failed]\n'PATH_PLACEHOLDER test --short --json .' returned exit code 2: exit status 2",
	"tests": null
}