{
	"status": "error",
	"version": 3,
	"message": "broken_import.go: expected ';', found ','\n'PATH_PLACEHOLDER test --short --json .' returned exit code 1: exit status 1",
	"tests": null
}