{
	"status": "pass",
	"version": 3,
	"tests": [
		{
			"name": "TestNonSubtest",
			"status": "pass",
			"test_code": "// This test does not have a task ID.\nfunc TestNonSubtest(t *testing.T) {\n\t// comments should be included\n\tfmt.Println(\"the whole block\")\n\tfmt.Println(\"should be returned\")\n}",
			"message": "\n=== RUN   TestNonSubtest\n\nthe whole block\n\nshould be returned\n\n--- PASS: TestNonSubtest \n"
		},
		{
			"name": "TestSimpleSubtest/ parse ace",
			"status": "pass",
			"test_code": "// testRunnerTaskID=1\nfunc TestSimpleSubtest(t *testing.T) {\n\ttt := struct {\n\t\tname string\n\t\tcard string\n\t\twant int\n\t}{\n\t\tname: \"parse ace\",\n\t\tcard: \"ace\",\n\t\twant: 11,\n\t}\n\n\tif got := ParseCard(tt.card); got != tt.want {\n\t\tt.Errorf(\"ParseCard(%s) = %d, want %d\", tt.card, got, tt.want)\n\t}\n\n}",
			"message": "\n=== RUN   TestSimpleSubtest/parse_ace\n\n    --- PASS: TestSimpleSubtest/parse_ace \n"
		}
	]
}