{
	"status": "error",
	"version": 3,
	"message": "panic: Please implement this function\n\ngoroutine x [running]:\npov.New(...)\n\tPATH_PLACEHOLDER/testrunner/testdata/practice/pkg_level_error/pkg_level_error.go\npov.init()\n\tPATH_PLACEHOLDER/testrunner/testdata/practice/pkg_level_error/helper_test.go \nFAIL\tpov\n",
	"tests": []
}